[  8%] Built target standard_robot_cuda_memory
[ 12%] Building CUDA object CMakeFiles/standard_robot_cuda_runner.dir/src/cuda/cuda_benchmark_runner.cu.o
[ 16%] Building CUDA object CMakeFiles/standard_robot_cuda_runner_A4.dir/src/cuda/cuda_benchmark_runner.cu.o
[ 20%] Building CUDA object CMakeFiles/standard_robot_cuda_runner_A7.dir/src/cuda/cuda_benchmark_runner.cu.o
[ 25%] Building CUDA object CMakeFiles/standard_robot_cuda_runner_A0.dir/src/cuda/cuda_benchmark_runner.cu.o
[ 29%] Building CUDA object CMakeFiles/standard_robot_cuda_runner_A3.dir/src/cuda/cuda_benchmark_runner.cu.o
[ 37%] Building CUDA object CMakeFiles/standard_robot_cuda_runner_A6.dir/src/cuda/cuda_benchmark_runner.cu.o
[ 37%] Building CUDA object CMakeFiles/standard_robot_cuda_runner_A2.dir/src/cuda/cuda_benchmark_runner.cu.o
[ 41%] Building CUDA object CMakeFiles/standard_robot_cuda_runner_A1.dir/src/cuda/cuda_benchmark_runner.cu.o
[ 45%] Building CUDA object CMakeFiles/standard_robot_cuda_runner_A5.dir/src/cuda/cuda_benchmark_runner.cu.o
[ 54%] Built target standard_robot_cuda_v4_runner
[ 58%] Building CUDA object CMakeFiles/standard_robot_cuda_runner_A8.dir/src/cuda/cuda_benchmark_runner.cu.o
/mnt/linuxdata/cuda_ik_accelerateion/standard_robot_cuda_ik_v4_cuda/src/cuda/cuda_ik_6dof.cu(76): warning #550-D: variable "s_q_ref" was set but never used
              double s_q_ref[6];
                     ^

Remark: The warnings can be suppressed with "-diag-suppress <warning-number>"

/mnt/linuxdata/cuda_ik_accelerateion/standard_robot_cuda_ik_v4_cuda/src/cuda/cuda_ik_6dof.cu(77): warning #550-D: variable "s_q_best" was set but never used
              double s_q_best[6];
                     ^

/mnt/linuxdata/cuda_ik_accelerateion/standard_robot_cuda_ik_v4_cuda/src/cuda/cuda_ik_6dof.cu(397): warning #550-D: variable "s_q_ref" was set but never used
              double s_q_ref[6];
                     ^

/mnt/linuxdata/cuda_ik_accelerateion/standard_robot_cuda_ik_v4_cuda/src/cuda/cuda_ik_6dof.cu(76): warning #550-D: variable "s_q_ref" was set but never used
              double s_q_ref[6];
                     ^

Remark: The warnings can be suppressed with "-diag-suppress <warning-number>"

/mnt/linuxdata/cuda_ik_accelerateion/standard_robot_cuda_ik_v4_cuda/src/cuda/cuda_ik_6dof.cu(77): warning #550-D: variable "s_q_best" was set but never used
              double s_q_best[6];
                     ^

/mnt/linuxdata/cuda_ik_accelerateion/standard_robot_cuda_ik_v4_cuda/src/cuda/cuda_ik_6dof.cu(397): warning #550-D: variable "s_q_ref" was set but never used
              double s_q_ref[6];
                     ^

/mnt/linuxdata/cuda_ik_accelerateion/standard_robot_cuda_ik_v4_cuda/src/cuda/cuda_ik_6dof.cu(76): warning #550-D: variable "s_q_ref" was set but never used
              double s_q_ref[6];
                     ^

Remark: The warnings can be suppressed with "-diag-suppress <warning-number>"

/mnt/linuxdata/cuda_ik_accelerateion/standard_robot_cuda_ik_v4_cuda/src/cuda/cuda_ik_6dof.cu(77): warning #550-D: variable "s_q_best" was set but never used
              double s_q_best[6];
                     ^

/mnt/linuxdata/cuda_ik_accelerateion/standard_robot_cuda_ik_v4_cuda/src/cuda/cuda_ik_6dof.cu(397): warning #550-D: variable "s_q_ref" was set but never used
              double s_q_ref[6];
                     ^

/mnt/linuxdata/cuda_ik_accelerateion/standard_robot_cuda_ik_v4_cuda/src/cuda/cuda_ik_6dof.cu(76): warning #550-D: variable "s_q_ref" was set but never used
              double s_q_ref[6];
                     ^

Remark: The warnings can be suppressed with "-diag-suppress <warning-number>"

/mnt/linuxdata/cuda_ik_accelerateion/standard_robot_cuda_ik_v4_cuda/src/cuda/cuda_ik_6dof.cu(77): warning #550-D: variable "s_q_best" was set but never used
              double s_q_best[6];
                     ^

/mnt/linuxdata/cuda_ik_accelerateion/standard_robot_cuda_ik_v4_cuda/src/cuda/cuda_ik_6dof.cu(397): warning #550-D: variable "s_q_ref" was set but never used
              double s_q_ref[6];
                     ^

/mnt/linuxdata/cuda_ik_accelerateion/standard_robot_cuda_ik_v4_cuda/src/cuda/cuda_ik_6dof.cu(76): warning #550-D: variable "s_q_ref" was set but never used
              double s_q_ref[6];
                     ^

Remark: The warnings can be suppressed with "-diag-suppress <warning-number>"

/mnt/linuxdata/cuda_ik_accelerateion/standard_robot_cuda_ik_v4_cuda/src/cuda/cuda_ik_6dof.cu(77): warning #550-D: variable "s_q_best" was set but never used
              double s_q_best[6];
                     ^

/mnt/linuxdata/cuda_ik_accelerateion/standard_robot_cuda_ik_v4_cuda/src/cuda/cuda_ik_6dof.cu(397): warning #550-D: variable "s_q_ref" was set but never used
              double s_q_ref[6];
                     ^

/mnt/linuxdata/cuda_ik_accelerateion/standard_robot_cuda_ik_v4_cuda/src/cuda/cuda_ik_6dof.cu(76): warning #550-D: variable "s_q_ref" was set but never used
              double s_q_ref[6];
                     ^

Remark: The warnings can be suppressed with "-diag-suppress <warning-number>"

/mnt/linuxdata/cuda_ik_accelerateion/standard_robot_cuda_ik_v4_cuda/src/cuda/cuda_ik_6dof.cu(77): warning #550-D: variable "s_q_best" was set but never used
              double s_q_best[6];
                     ^

/mnt/linuxdata/cuda_ik_accelerateion/standard_robot_cuda_ik_v4_cuda/src/cuda/cuda_ik_6dof.cu(397): warning #550-D: variable "s_q_ref" was set but never used
              double s_q_ref[6];
                     ^

[ 62%] Linking CUDA executable standard_robot_cuda_runner_A3
[ 66%] Linking CUDA executable standard_robot_cuda_runner_A6
[ 66%] Built target standard_robot_cuda_runner_A3
[ 66%] Built target standard_robot_cuda_runner_A6
[ 70%] Linking CUDA executable standard_robot_cuda_runner_A4
[ 75%] Linking CUDA executable standard_robot_cuda_runner_A2
[ 75%] Built target standard_robot_cuda_runner_A4
[ 79%] Linking CUDA executable standard_robot_cuda_runner_A5
[ 79%] Built target standard_robot_cuda_runner_A2
[ 79%] Built target standard_robot_cuda_runner_A5
[ 83%] Linking CUDA executable standard_robot_cuda_runner_A1
[ 83%] Built target standard_robot_cuda_runner_A1
[ 87%] Linking CUDA executable standard_robot_cuda_runner_A7
[ 91%] Linking CUDA executable standard_robot_cuda_runner
[ 91%] Built target standard_robot_cuda_runner_A7
[ 95%] Linking CUDA executable standard_robot_cuda_runner_A8
[ 95%] Built target standard_robot_cuda_runner
[100%] Linking CUDA executable standard_robot_cuda_runner_A0
[100%] Built target standard_robot_cuda_runner_A8
[100%] Built target standard_robot_cuda_runner_A0
