==PROF== Connected to process 623670 (/mnt/linuxdata/cuda_ik_accelerateion/standard_robot_cuda_ik_v4_cuda/build/standard_robot_cuda_v4_runner)
==PROF== Profiling "ik_lm_multiseed_v4_kernel": 0%....50%....100% - 8 passes
mode=v4_static
N=100
K=16
repeat=1
warmup=0
gpu_stream_ms_mean=2474.73047
throughput_targets_per_s=40.4084409
best_csv=/tmp/v4_ncu_best.csv
summary_csv=/tmp/v4_ncu_summary.csv
==PROF== Disconnected from process 623670
==PROF== Report: /mnt/linuxdata/cuda_ik_accelerateion/standard_robot_cuda_ik_v4_cuda/logs/nsight/v4_n100_basic.ncu-rep


==PROF== Connected to process 623816 (/mnt/linuxdata/cuda_ik_accelerateion/standard_robot_cuda_ik_v4_cuda/build/standard_robot_cuda_v4_runner)
==PROF== Profiling "ik_lm_multiseed_v4_kernel": 0%....50%....100% - 8 passes
mode=v4_static
N=1000
K=16
repeat=1
warmup=0
gpu_stream_ms_mean=5594.32422
throughput_targets_per_s=178.7526
best_csv=/tmp/v4_ncu_best1000.csv
summary_csv=/tmp/v4_ncu_summary1000.csv
==PROF== Disconnected from process 623816
==PROF== Report: /mnt/linuxdata/cuda_ik_accelerateion/standard_robot_cuda_ik_v4_cuda/logs/nsight/v4_n1000_basic.ncu-rep


==PROF== Connected to process 623973 (/mnt/linuxdata/cuda_ik_accelerateion/standard_robot_cuda_ik_v4_cuda/build/standard_robot_cuda_v4_runner)
==PROF== Profiling "ik_lm_multiseed_v4_kernel": 0%..
==WARNING== Launching the workload is taking more time than expected. If this continues to hang, terminate the profile and re-try by profiling the range of all related launches using '--replay-mode range'. See https://docs.nvidia.com/nsight-compute/ProfilingGuide/index.html#replay for more details.
..50%....100% - 8 passes
mode=v4_static
N=5000
K=16
repeat=1
warmup=0
gpu_stream_ms_mean=27948.7969
throughput_targets_per_s=178.898577
best_csv=/tmp/v4_ncu_best5000.csv
summary_csv=/tmp/v4_ncu_summary5000.csv
==PROF== Disconnected from process 623973
==PROF== Report: /mnt/linuxdata/cuda_ik_accelerateion/standard_robot_cuda_ik_v4_cuda/logs/nsight/v4_n5000_basic.ncu-rep
